>pub induct Vec(T: Type): (length: Nat) -> pub Type
#^^^ source.curios keyword.other.curios
#   ^ source.curios
#    ^^^^^^ source.curios keyword.other.curios
#          ^ source.curios
#           ^^^ source.curios entity.name.type.curios
#              ^ source.curios punctuation.bracket.curios
#               ^ source.curios entity.name.type.curios
#                ^ source.curios keyword.operator.assignment.curios
#                 ^ source.curios
#                  ^^^^ source.curios storage.type.sort.curios
#                      ^ source.curios punctuation.bracket.curios
#                       ^ source.curios keyword.operator.assignment.curios
#                        ^ source.curios
#                         ^ source.curios punctuation.bracket.curios
#                          ^^^^^^ source.curios variable.other.curios
#                                ^ source.curios keyword.operator.assignment.curios
#                                 ^ source.curios
#                                  ^^^ source.curios entity.name.type.curios
#                                     ^ source.curios punctuation.bracket.curios
#                                      ^ source.curios
#                                       ^^ source.curios keyword.operator.arrow.curios
#                                         ^ source.curios
#                                          ^^^ source.curios keyword.other.curios
#                                             ^ source.curios
#                                              ^^^^ source.curios storage.type.sort.curios
>| nil(): (0)
#^ source.curios punctuation.separator.curios
# ^ source.curios
#  ^^^ source.curios entity.name.function.curios
#     ^ source.curios punctuation.bracket.curios
#      ^ source.curios punctuation.bracket.curios
#       ^ source.curios keyword.operator.assignment.curios
#        ^ source.curios
#         ^ source.curios punctuation.bracket.curios
#          ^ source.curios constant.numeric.decimal.curios
#           ^ source.curios punctuation.bracket.curios
>| cons(@n: Nat, head: T, tail: Vec(T, n)): (n + 1)
#^ source.curios punctuation.separator.curios
# ^ source.curios
#  ^^^^ source.curios entity.name.function.curios
#      ^ source.curios punctuation.bracket.curios
#       ^ source.curios storage.modifier.implicit.curios
#        ^ source.curios variable.other.curios
#         ^ source.curios keyword.operator.assignment.curios
#          ^ source.curios
#           ^^^ source.curios entity.name.type.curios
#              ^ source.curios punctuation.separator.curios
#               ^ source.curios
#                ^^^^ source.curios variable.other.curios
#                    ^ source.curios keyword.operator.assignment.curios
#                     ^ source.curios
#                      ^ source.curios entity.name.type.curios
#                       ^ source.curios punctuation.separator.curios
#                        ^ source.curios
#                         ^^^^ source.curios variable.other.curios
#                             ^ source.curios keyword.operator.assignment.curios
#                              ^ source.curios
#                               ^^^ source.curios entity.name.type.curios
#                                  ^ source.curios punctuation.bracket.curios
#                                   ^ source.curios entity.name.type.curios
#                                    ^ source.curios punctuation.separator.curios
#                                     ^ source.curios
#                                      ^ source.curios variable.other.curios
#                                       ^ source.curios punctuation.bracket.curios
#                                        ^ source.curios punctuation.bracket.curios
#                                         ^ source.curios keyword.operator.assignment.curios
#                                          ^ source.curios
#                                           ^ source.curios punctuation.bracket.curios
#                                            ^ source.curios variable.other.curios
#                                             ^ source.curios
#                                              ^ source.curios keyword.operator.arithmetic.curios
#                                               ^ source.curios
#                                                ^ source.curios constant.numeric.decimal.curios
#                                                 ^ source.curios punctuation.bracket.curios
>end
#^^^ source.curios keyword.control.curios
>
>pub struct Pair(A: Type, B: Type): pub Type {
#^^^ source.curios keyword.other.curios
#   ^ source.curios
#    ^^^^^^ source.curios keyword.other.curios
#          ^ source.curios
#           ^^^^ source.curios entity.name.type.curios
#               ^ source.curios punctuation.bracket.curios
#                ^ source.curios entity.name.type.curios
#                 ^ source.curios keyword.operator.assignment.curios
#                  ^ source.curios
#                   ^^^^ source.curios storage.type.sort.curios
#                       ^ source.curios punctuation.separator.curios
#                        ^ source.curios
#                         ^ source.curios entity.name.type.curios
#                          ^ source.curios keyword.operator.assignment.curios
#                           ^ source.curios
#                            ^^^^ source.curios storage.type.sort.curios
#                                ^ source.curios punctuation.bracket.curios
#                                 ^ source.curios keyword.operator.assignment.curios
#                                  ^ source.curios
#                                   ^^^ source.curios keyword.other.curios
#                                      ^ source.curios
#                                       ^^^^ source.curios storage.type.sort.curios
#                                           ^ source.curios
#                                            ^ source.curios punctuation.bracket.curios
>    fst: A,
#^^^^ source.curios
#    ^^^ source.curios variable.other.curios
#       ^ source.curios keyword.operator.assignment.curios
#        ^ source.curios
#         ^ source.curios entity.name.type.curios
#          ^ source.curios punctuation.separator.curios
>    snd: B,
#^^^^ source.curios
#    ^^^ source.curios variable.other.curios
#       ^ source.curios keyword.operator.assignment.curios
#        ^ source.curios
#         ^ source.curios entity.name.type.curios
#          ^ source.curios punctuation.separator.curios
>}
#^ source.curios punctuation.bracket.curios
>
>pub concept Ordered(A: Type): Type {
#^^^ source.curios keyword.other.curios
#   ^ source.curios
#    ^^^^^^^ source.curios keyword.other.curios
#           ^ source.curios
#            ^^^^^^^ source.curios entity.name.type.curios
#                   ^ source.curios punctuation.bracket.curios
#                    ^ source.curios entity.name.type.curios
#                     ^ source.curios keyword.operator.assignment.curios
#                      ^ source.curios
#                       ^^^^ source.curios storage.type.sort.curios
#                           ^ source.curios punctuation.bracket.curios
#                            ^ source.curios keyword.operator.assignment.curios
#                             ^ source.curios
#                              ^^^^ source.curios storage.type.sort.curios
#                                  ^ source.curios
#                                   ^ source.curios punctuation.bracket.curios
>    use Equal(A),
#^^^^ source.curios
#    ^^^ source.curios keyword.other.curios
#       ^ source.curios
#        ^^^^^ source.curios entity.name.type.curios
#             ^ source.curios punctuation.bracket.curios
#              ^ source.curios entity.name.type.curios
#               ^ source.curios punctuation.bracket.curios
#                ^ source.curios punctuation.separator.curios
>    cmp(A, A) -> Ordering,
#^^^^ source.curios
#    ^^^ source.curios entity.name.function.curios
#       ^ source.curios punctuation.bracket.curios
#        ^ source.curios entity.name.type.curios
#         ^ source.curios punctuation.separator.curios
#          ^ source.curios
#           ^ source.curios entity.name.type.curios
#            ^ source.curios punctuation.bracket.curios
#             ^ source.curios
#              ^^ source.curios keyword.operator.arrow.curios
#                ^ source.curios
#                 ^^^^^^^^ source.curios entity.name.type.curios
#                         ^ source.curios punctuation.separator.curios
>}
#^ source.curios punctuation.bracket.curios
>
>pub mod Internal
#^^^ source.curios keyword.other.curios
#   ^ source.curios
#    ^^^ source.curios keyword.other.curios
#       ^ source.curios
#        ^^^^^^^^ source.curios entity.name.type.curios
>    foreign random: Nat;
#^^^^ source.curios
#    ^^^^^^^ source.curios keyword.control.curios
#           ^ source.curios
#            ^^^^^^ source.curios entity.name.function.curios
#                  ^ source.curios keyword.operator.assignment.curios
#                   ^ source.curios
#                    ^^^ source.curios entity.name.type.curios
#                       ^ source.curios punctuation.separator.curios
>end
#^^^ source.curios keyword.control.curios
>
>let literals = ("a \"q\" \n \% b \u{301} \u", '\'', 'c', '\u{1F600}', 1.5e3, -42, 0xFF, 0b10, true, false, ?);
#^^^ source.curios keyword.control.curios
#   ^ source.curios
#    ^^^^^^^^ source.curios entity.name.function.curios
#            ^ source.curios
#             ^ source.curios keyword.operator.assignment.curios
#              ^ source.curios
#               ^ source.curios punctuation.bracket.curios
#                ^ source.curios string.quoted.double.curios
#                 ^^ source.curios string.quoted.double.curios
#                   ^^ source.curios string.quoted.double.curios constant.character.escape.curios
#                     ^ source.curios string.quoted.double.curios
#                      ^^ source.curios string.quoted.double.curios constant.character.escape.curios
#                        ^ source.curios string.quoted.double.curios
#                         ^^ source.curios string.quoted.double.curios constant.character.escape.curios
#                           ^^^^^^ source.curios string.quoted.double.curios
#                                 ^^^^^^^ source.curios string.quoted.double.curios constant.character.escape.curios
#                                        ^^^ source.curios string.quoted.double.curios
#                                           ^ source.curios string.quoted.double.curios
#                                            ^ source.curios punctuation.separator.curios
#                                             ^ source.curios
#                                              ^ source.curios string.quoted.single.curios
#                                               ^^ source.curios string.quoted.single.curios constant.character.escape.curios
#                                                 ^ source.curios string.quoted.single.curios
#                                                  ^ source.curios punctuation.separator.curios
#                                                   ^ source.curios
#                                                    ^^^ source.curios string.quoted.single.curios
#                                                       ^ source.curios punctuation.separator.curios
#                                                        ^ source.curios
#                                                         ^ source.curios string.quoted.single.curios
#                                                          ^^^^^^^^^ source.curios string.quoted.single.curios constant.character.escape.curios
#                                                                   ^ source.curios string.quoted.single.curios
#                                                                    ^ source.curios punctuation.separator.curios
#                                                                     ^ source.curios
#                                                                      ^^^^^ source.curios constant.numeric.float.curios
#                                                                           ^ source.curios punctuation.separator.curios
#                                                                            ^ source.curios
#                                                                             ^^^ source.curios constant.numeric.decimal.curios
#                                                                                ^ source.curios punctuation.separator.curios
#                                                                                 ^ source.curios
#                                                                                  ^^^^ source.curios constant.numeric.hex.curios
#                                                                                      ^ source.curios punctuation.separator.curios
#                                                                                       ^ source.curios
#                                                                                        ^^^^ source.curios constant.numeric.binary.curios
#                                                                                            ^ source.curios punctuation.separator.curios
#                                                                                             ^ source.curios
#                                                                                              ^^^^ source.curios constant.language.boolean.curios
#                                                                                                  ^ source.curios punctuation.separator.curios
#                                                                                                   ^ source.curios
#                                                                                                    ^^^^^ source.curios constant.language.boolean.curios
#                                                                                                         ^ source.curios punctuation.separator.curios
#                                                                                                          ^ source.curios
#                                                                                                           ^ source.curios keyword.operator.goal.curios
#                                                                                                            ^ source.curios punctuation.bracket.curios
#                                                                                                             ^ source.curios punctuation.separator.curios
>let packed = b[0, 1, ..rest];
#^^^ source.curios keyword.control.curios
#   ^ source.curios
#    ^^^^^^ source.curios entity.name.function.curios
#          ^ source.curios
#           ^ source.curios keyword.operator.assignment.curios
#            ^ source.curios
#             ^^ source.curios punctuation.definition.packed.curios
#               ^ source.curios constant.numeric.decimal.curios
#                ^ source.curios punctuation.separator.curios
#                 ^ source.curios
#                  ^ source.curios constant.numeric.decimal.curios
#                   ^ source.curios punctuation.separator.curios
#                    ^ source.curios
#                     ^^ source.curios keyword.operator.spread.curios
#                       ^^^^ source.curios variable.other.curios
#                           ^ source.curios punctuation.bracket.curios
#                            ^ source.curios punctuation.separator.curios
>let bytes = x[0x48, ..suffix];
#^^^ source.curios keyword.control.curios
#   ^ source.curios
#    ^^^^^ source.curios entity.name.function.curios
#         ^ source.curios
#          ^ source.curios keyword.operator.assignment.curios
#           ^ source.curios
#            ^^ source.curios punctuation.definition.packed.curios
#              ^^^^ source.curios constant.numeric.hex.curios
#                  ^ source.curios punctuation.separator.curios
#                   ^ source.curios
#                    ^^ source.curios keyword.operator.spread.curios
#                      ^^^^^^ source.curios variable.other.curios
#                            ^ source.curios punctuation.bracket.curios
#                             ^ source.curios punctuation.separator.curios
>let list = [1, ..more];
#^^^ source.curios keyword.control.curios
#   ^ source.curios
#    ^^^^ source.curios entity.name.function.curios
#        ^ source.curios
#         ^ source.curios keyword.operator.assignment.curios
#          ^ source.curios
#           ^ source.curios punctuation.bracket.curios
#            ^ source.curios constant.numeric.decimal.curios
#             ^ source.curios punctuation.separator.curios
#              ^ source.curios
#               ^^ source.curios keyword.operator.spread.curios
#                 ^^^^ source.curios variable.other.curios
#                     ^ source.curios punctuation.bracket.curios
#                      ^ source.curios punctuation.separator.curios
>let proj = pair.0 + pair.fst;
#^^^ source.curios keyword.control.curios
#   ^ source.curios
#    ^^^^ source.curios entity.name.function.curios
#        ^ source.curios
#         ^ source.curios keyword.operator.assignment.curios
#          ^ source.curios
#           ^^^^ source.curios variable.other.curios
#               ^ source.curios punctuation.accessor.curios
#                ^ source.curios variable.other.property.curios
#                 ^ source.curios
#                  ^ source.curios keyword.operator.arithmetic.curios
#                   ^ source.curios
#                    ^^^^ source.curios variable.other.curios
#                        ^ source.curios punctuation.accessor.curios
#                         ^^^ source.curios variable.other.property.curios
#                            ^ source.curios punctuation.separator.curios
>let built = Pair(Nat, Bool) { ..base, snd = false };
#^^^ source.curios keyword.control.curios
#   ^ source.curios
#    ^^^^^ source.curios entity.name.function.curios
#         ^ source.curios
#          ^ source.curios keyword.operator.assignment.curios
#           ^ source.curios
#            ^^^^ source.curios entity.name.type.curios
#                ^ source.curios punctuation.bracket.curios
#                 ^^^ source.curios entity.name.type.curios
#                    ^ source.curios punctuation.separator.curios
#                     ^ source.curios
#                      ^^^^ source.curios entity.name.type.curios
#                          ^ source.curios punctuation.bracket.curios
#                           ^ source.curios
#                            ^ source.curios punctuation.bracket.curios
#                             ^ source.curios
#                              ^^ source.curios keyword.operator.spread.curios
#                                ^^^^ source.curios variable.other.curios
#                                    ^ source.curios punctuation.separator.curios
#                                     ^ source.curios
#                                      ^^^ source.curios variable.other.curios
#                                         ^ source.curios
#                                          ^ source.curios keyword.operator.assignment.curios
#                                           ^ source.curios
#                                            ^^^^^ source.curios constant.language.boolean.curios
#                                                 ^ source.curios
#                                                  ^ source.curios punctuation.bracket.curios
#                                                   ^ source.curios punctuation.separator.curios
>let ops = a || b && c == d != e <= f >= g < h > i + j - k * l / m % n;
#^^^ source.curios keyword.control.curios
#   ^ source.curios
#    ^^^ source.curios entity.name.function.curios
#       ^ source.curios
#        ^ source.curios keyword.operator.assignment.curios
#         ^ source.curios
#          ^ source.curios variable.other.curios
#           ^ source.curios
#            ^^ source.curios keyword.operator.logical.curios
#              ^ source.curios
#               ^ source.curios variable.other.curios
#                ^ source.curios
#                 ^^ source.curios keyword.operator.logical.curios
#                   ^ source.curios
#                    ^ source.curios variable.other.curios
#                     ^ source.curios
#                      ^^ source.curios keyword.operator.comparison.curios
#                        ^ source.curios
#                         ^ source.curios variable.other.curios
#                          ^ source.curios
#                           ^^ source.curios keyword.operator.comparison.curios
#                             ^ source.curios
#                              ^ source.curios variable.other.curios
#                               ^ source.curios
#                                ^^ source.curios keyword.operator.comparison.curios
#                                  ^ source.curios
#                                   ^ source.curios variable.other.curios
#                                    ^ source.curios
#                                     ^^ source.curios keyword.operator.comparison.curios
#                                       ^ source.curios
#                                        ^ source.curios variable.other.curios
#                                         ^ source.curios
#                                          ^ source.curios keyword.operator.comparison.curios
#                                           ^ source.curios
#                                            ^ source.curios variable.other.curios
#                                             ^ source.curios
#                                              ^ source.curios keyword.operator.comparison.curios
#                                               ^ source.curios
#                                                ^ source.curios variable.other.curios
#                                                 ^ source.curios
#                                                  ^ source.curios keyword.operator.arithmetic.curios
#                                                   ^ source.curios
#                                                    ^ source.curios variable.other.curios
#                                                     ^ source.curios
#                                                      ^ source.curios keyword.operator.arithmetic.curios
#                                                       ^ source.curios
#                                                        ^ source.curios variable.other.curios
#                                                         ^ source.curios
#                                                          ^ source.curios keyword.operator.arithmetic.curios
#                                                           ^ source.curios
#                                                            ^ source.curios variable.other.curios
#                                                             ^ source.curios
#                                                              ^ source.curios keyword.operator.arithmetic.curios
#                                                               ^ source.curios
#                                                                ^ source.curios variable.other.curios
#                                                                 ^ source.curios
#                                                                  ^ source.curios keyword.operator.arithmetic.curios
#                                                                   ^ source.curios
#                                                                    ^ source.curios variable.other.curios
#                                                                     ^ source.curios punctuation.separator.curios
>let seq = act! + x;
#^^^ source.curios keyword.control.curios
#   ^ source.curios
#    ^^^ source.curios entity.name.function.curios
#       ^ source.curios
#        ^ source.curios keyword.operator.assignment.curios
#         ^ source.curios
#          ^^^ source.curios variable.other.curios
#             ^ source.curios keyword.operator.bang.curios
#              ^ source.curios
#               ^ source.curios keyword.operator.arithmetic.curios
#                ^ source.curios
#                 ^ source.curios variable.other.curios
#                  ^ source.curios punctuation.separator.curios
>let path = a/b;
#^^^ source.curios keyword.control.curios
#   ^ source.curios
#    ^^^^ source.curios entity.name.function.curios
#        ^ source.curios
#         ^ source.curios keyword.operator.assignment.curios
#          ^ source.curios
#           ^ source.curios support.module.curios
#            ^ source.curios punctuation.separator.path.curios
#             ^ source.curios variable.other.curios
#              ^ source.curios punctuation.separator.curios
>let lambda = (x: Nat, y) => x;
#^^^ source.curios keyword.control.curios
#   ^ source.curios
#    ^^^^^^ source.curios entity.name.function.curios
#          ^ source.curios
#           ^ source.curios keyword.operator.assignment.curios
#            ^ source.curios
#             ^ source.curios punctuation.bracket.curios
#              ^ source.curios variable.other.curios
#               ^ source.curios keyword.operator.assignment.curios
#                ^ source.curios
#                 ^^^ source.curios entity.name.type.curios
#                    ^ source.curios punctuation.separator.curios
#                     ^ source.curios
#                      ^ source.curios variable.other.curios
#                       ^ source.curios punctuation.bracket.curios
#                        ^ source.curios
#                         ^^ source.curios keyword.operator.arrow.curios
#                           ^ source.curios
#                            ^ source.curios variable.other.curios
#                             ^ source.curios punctuation.separator.curios
>choose
#^^^^^^ source.curios keyword.control.curios
>| flag => 1
#^ source.curios punctuation.separator.curios
# ^ source.curios
#  ^^^^ source.curios variable.other.curios
#      ^ source.curios
#       ^^ source.curios keyword.operator.arrow.curios
#         ^ source.curios
#          ^ source.curios constant.numeric.decimal.curios
>| some(value) = lookup(key) => value
#^ source.curios punctuation.separator.curios
# ^ source.curios
#  ^^^^ source.curios entity.name.function.curios
#      ^ source.curios punctuation.bracket.curios
#       ^^^^^ source.curios variable.other.curios
#            ^ source.curios punctuation.bracket.curios
#             ^ source.curios
#              ^ source.curios keyword.operator.assignment.curios
#               ^ source.curios
#                ^^^^^^ source.curios entity.name.function.curios
#                      ^ source.curios punctuation.bracket.curios
#                       ^^^ source.curios variable.other.curios
#                          ^ source.curios punctuation.bracket.curios
#                           ^ source.curios
#                            ^^ source.curios keyword.operator.arrow.curios
#                              ^ source.curios
#                               ^^^^^ source.curios variable.other.curios
>| _ => 0
#^ source.curios punctuation.separator.curios
# ^ source.curios
#  ^ source.curios variable.other.curios
#   ^ source.curios
#    ^^ source.curios keyword.operator.arrow.curios
#      ^ source.curios
#       ^ source.curios constant.numeric.decimal.curios
>end
#^^^ source.curios keyword.control.curios
>let Point { x, y } = point;
#^^^ source.curios keyword.control.curios
#   ^ source.curios
#    ^^^^^ source.curios entity.name.type.curios
#         ^ source.curios
#          ^ source.curios punctuation.bracket.curios
#           ^ source.curios
#            ^ source.curios variable.other.curios
#             ^ source.curios punctuation.separator.curios
#              ^ source.curios
#               ^ source.curios variable.other.curios
#                ^ source.curios
#                 ^ source.curios punctuation.bracket.curios
#                  ^ source.curios
#                   ^ source.curios keyword.operator.assignment.curios
#                    ^ source.curios
#                     ^^^^^ source.curios variable.other.curios
#                          ^ source.curios punctuation.separator.curios
>